// Jest Snapshot v1, https://goo.gl/fbAQLP

exports[`App should render correctly 1`] = `
<div
  className="App-main"
>
  <styled.div>
    <styled.h1>
      FanBet - Make Your bets
    </styled.h1>
    <styled.h1>
      Your Score: 
      0
    </styled.h1>
  </styled.div>
  <styled.div />
</div>
`;
